{
  "version": "1.0.3",
  "plugins_used": [
    {
      "name": "ArtifactoryDetector"
    },
    {
      "name": "AWSKeyDetector"
    },
    {
      "name": "AzureStorageKeyDetector"
    },
    {
      "name": "Base64HighEntropyString",
      "limit": 4.5
    },
    {
      "name": "BasicAuthDetector"
    },
    {
      "name": "CloudantDetector"
    },
    {
      "name": "HexHighEntropyString",
      "limit": 3.0
    },
    {
      "name": "IbmCloudIamDetector"
    },
    {
      "name": "IbmCosHmacDetector"
    },
    {
      "name": "JwtTokenDetector"
    },
    {
      "name": "KeywordDetector",
      "keyword_exclude": ""
    },
    {
      "name": "MailchimpDetector"
    },
    {
      "name": "NpmDetector"
    },
    {
      "name": "PrivateKeyDetector"
    },
    {
      "name": "SlackDetector"
    },
    {
      "name": "SoftlayerDetector"
    },
    {
      "name": "SquareOAuthDetector"
    },
    {
      "name": "StripeDetector"
    },
    {
      "name": "TwilioKeyDetector"
    }
  ],
  "filters_used": [
    {
      "path": "detect_secrets.filters.allowlist.is_line_allowlisted"
    },
    {
      "path": "detect_secrets.filters.common.is_ignored_due_to_verification_policies",
      "min_level": 2
    },
    {
      "path": "detect_secrets.filters.heuristic.is_indirect_reference"
    },
    {
      "path": "detect_secrets.filters.heuristic.is_likely_id_string"
    },
    {
      "path": "detect_secrets.filters.heuristic.is_potential_uuid"
    },
    {
      "path": "detect_secrets.filters.heuristic.is_prefixed_with_dollar_sign"
    },
    {
      "path": "detect_secrets.filters.heuristic.is_sequential_string"
    },
    {
      "path": "detect_secrets.filters.heuristic.is_templated_secret"
    }
  ],
  "results": {
    ".travis.yml": [
      {
        "type": "Base64 High Entropy String",
        "filename": ".travis.yml",
        "hashed_secret": "9a538df8c5341df2b6528f99cf6a290657449fc9",
        "is_verified": false,
        "line_number": 13
      },
      {
        "type": "Base64 High Entropy String",
        "filename": ".travis.yml",
        "hashed_secret": "49042bcacedaa976f86460d92be1b79ce563a761",
        "is_verified": false,
        "line_number": 26
      }
    ],
    "gdcdictionary/examples/valid/aligned_reads_index.json": [
      {
        "type": "Hex High Entropy String",
        "filename": "gdcdictionary/examples/valid/aligned_reads_index.json",
        "hashed_secret": "a1ba33896d16eda8522e531edbaf3b625c1f4c31",
        "is_verified": false,
        "line_number": 6
      }
    ],
    "gdcdictionary/examples/valid/protocol.json": [
      {
        "type": "Hex High Entropy String",
        "filename": "gdcdictionary/examples/valid/protocol.json",
        "hashed_secret": "daef34f66b6e909f3a22ffd063d48eb428067b6e",
        "is_verified": false,
        "line_number": 6
      }
    ],
    "gdcdictionary/examples/valid/submitted_aligned_reads.json": [
      {
        "type": "Hex High Entropy String",
        "filename": "gdcdictionary/examples/valid/submitted_aligned_reads.json",
        "hashed_secret": "e3f181b6b92d74e30d524d03029e785d0c7c7535",
        "is_verified": false,
        "line_number": 7
      }
    ],
    "gdcdictionary/examples/valid/submitted_copy_number.json": [
      {
        "type": "Hex High Entropy String",
        "filename": "gdcdictionary/examples/valid/submitted_copy_number.json",
        "hashed_secret": "e3f181b6b92d74e30d524d03029e785d0c7c7535",
        "is_verified": false,
        "line_number": 6
      }
    ],
    "gdcdictionary/examples/valid/submitted_methylation.json": [
      {
        "type": "Hex High Entropy String",
        "filename": "gdcdictionary/examples/valid/submitted_methylation.json",
        "hashed_secret": "e3f181b6b92d74e30d524d03029e785d0c7c7535",
        "is_verified": false,
        "line_number": 7
      }
    ],
    "gdcdictionary/examples/valid/submitted_somatic_mutation.json": [
      {
        "type": "Hex High Entropy String",
        "filename": "gdcdictionary/examples/valid/submitted_somatic_mutation.json",
        "hashed_secret": "a1ba33896d16eda8522e531edbaf3b625c1f4c31",
        "is_verified": false,
        "line_number": 9
      }
    ],
    "gdcdictionary/examples/valid/submitted_unaligned_reads.json": [
      {
        "type": "Hex High Entropy String",
        "filename": "gdcdictionary/examples/valid/submitted_unaligned_reads.json",
        "hashed_secret": "88e3a7adc1779a311467797f00d2edc5e9697d9c",
        "is_verified": false,
        "line_number": 7
      }
    ],
    "gdcdictionary/examples/valid/visit_file.json": [
      {
        "type": "Hex High Entropy String",
        "filename": "gdcdictionary/examples/valid/visit_file.json",
        "hashed_secret": "daef34f66b6e909f3a22ffd063d48eb428067b6e",
        "is_verified": false,
        "line_number": 7
      }
    ]
  },
  "generated_at": "2021-07-12T15:48:18Z"
}
